// Vitest Snapshot v1, https://vitest.dev/guide/snapshot.html

exports[`buildAnimaticArgs > kenBurns pan-left snapshot 1`] = `"[0:v]scale=1440:2560:force_original_aspect_ratio=increase,crop=1440:2560,zoompan=z='1.08':x='(iw-iw/zoom)*(1-on/96)':y='ih/2-(ih/zoom/2)':d=96:s=720x1280:fps=24,setsar=1,format=yuv420p[v]"`;

exports[`buildAnimaticArgs > kenBurns pan-right snapshot 1`] = `"[0:v]scale=1440:2560:force_original_aspect_ratio=increase,crop=1440:2560,zoompan=z='1.08':x='(iw-iw/zoom)*on/96':y='ih/2-(ih/zoom/2)':d=96:s=720x1280:fps=24,setsar=1,format=yuv420p[v]"`;

exports[`buildAnimaticArgs > kenBurns static snapshot 1`] = `"[0:v]scale=1440:2560:force_original_aspect_ratio=increase,crop=1440:2560,zoompan=z='min(1+0.02*on/96,1.02)':x='iw/2-(iw/zoom/2)':y='ih/2-(ih/zoom/2)':d=96:s=720x1280:fps=24,setsar=1,format=yuv420p[v]"`;

exports[`buildAnimaticArgs > kenBurns zoom-out snapshot 1`] = `"[0:v]scale=1440:2560:force_original_aspect_ratio=increase,crop=1440:2560,zoompan=z='max(1.12-0.12*on/96,1.001)':x='iw/2-(iw/zoom/2)':y='ih/2-(ih/zoom/2)':d=96:s=720x1280:fps=24,setsar=1,format=yuv420p[v]"`;

exports[`buildAssemblyArgs > snapshot 1 clip / cut 1`] = `"[0:v]null[vcat];[0:a]anull[sp];[sp]asplit=2[spKey][spMix];[1:a]atrim=0:8.000,aformat=channel_layouts=stereo,aresample=48000,volume=-8dB,afade=t=in:d=1,afade=t=out:st=6.000:d=2[bgmv];[bgmv][spKey]sidechaincompress=threshold=0.03:ratio=8:attack=5:release=400[duck];[spMix][duck]amix=inputs=2:duration=first:normalize=0[premix];[premix]loudnorm=I=-16:TP=-1.5:LRA=11:linear=true,aresample=48000[aout];[vcat]eq=saturation=1.06:contrast=1.02,subtitles=captions.srt[vt];[2:v]scale=128:-1,format=rgba,colorchannelmixer=aa=0.7[wmv];[vt][wmv]overlay=24:24[vout]"`;

exports[`buildAssemblyArgs > snapshot 2 clip / crossfade 1`] = `"[0:v][1:v]xfade=transition=fade:duration=0.4:offset=7.600[vcat];[0:a][1:a]acrossfade=d=0.4[sp];[sp]asplit=2[spKey][spMix];[2:a]atrim=0:15.600,aformat=channel_layouts=stereo,aresample=48000,volume=-8dB,afade=t=in:d=1,afade=t=out:st=13.600:d=2[bgmv];[bgmv][spKey]sidechaincompress=threshold=0.03:ratio=8:attack=5:release=400[duck];[spMix][duck]amix=inputs=2:duration=first:normalize=0[premix];[premix]loudnorm=I=-16:TP=-1.5:LRA=11:linear=true,aresample=48000[aout];[vcat]eq=saturation=1.06:contrast=1.02,subtitles=captions.srt[vt];[3:v]scale=128:-1,format=rgba,colorchannelmixer=aa=0.7[wmv];[vt][wmv]overlay=24:24[vout]"`;

exports[`buildAssemblyArgs > snapshot 5 clip / crossfade 1`] = `"[0:v][1:v]xfade=transition=fade:duration=0.4:offset=7.600[vx1];[0:a][1:a]acrossfade=d=0.4[ax1];[vx1][2:v]xfade=transition=fade:duration=0.4:offset=15.200[vx2];[ax1][2:a]acrossfade=d=0.4[ax2];[vx2][3:v]xfade=transition=fade:duration=0.4:offset=22.800[vx3];[ax2][3:a]acrossfade=d=0.4[ax3];[vx3][4:v]xfade=transition=fade:duration=0.4:offset=30.400[vcat];[ax3][4:a]acrossfade=d=0.4[sp];[sp]asplit=2[spKey][spMix];[5:a]atrim=0:38.400,aformat=channel_layouts=stereo,aresample=48000,volume=-8dB,afade=t=in:d=1,afade=t=out:st=36.400:d=2[bgmv];[bgmv][spKey]sidechaincompress=threshold=0.03:ratio=8:attack=5:release=400[duck];[spMix][duck]amix=inputs=2:duration=first:normalize=0[premix];[premix]loudnorm=I=-16:TP=-1.5:LRA=11:linear=true,aresample=48000[aout];[vcat]eq=saturation=1.06:contrast=1.02,subtitles=captions.srt[vt];[6:v]scale=128:-1,format=rgba,colorchannelmixer=aa=0.7[wmv];[vt][wmv]overlay=24:24[vout]"`;
