// Vitest Snapshot v1, https://vitest.dev/guide/snapshot.html

exports[`compose > matches snapshot (prompt structure is a frozen contract) 1`] = `
"ROLE: Professional 2D animation storyboard artist.
CHARACTER LOCK: The main character MUST match the attached character reference images exactly — same proportions, colors, costume, accessories, and facial features. Character description: A cheerful orange fox mascot named Tantan wearing a red apron with a ramen bowl logo. Do NOT redesign, restyle, or alter the character in any way.
STYLE: Match the attached style reference images exactly — same rendering technique, color palette, lighting mood, and level of detail.
SCENE (Frame 2/7): A spotlight glows on a large ramen bowl in the center of the izakaya
SHOT TYPE: Wide static shot — Fixed camera, wide establishing framing showing the full scene, character occupies roughly the lower third.
CONTINUITY: Same location, same lighting, same props as the previous frames of this storyboard unless the scene description states otherwise.
FORMAT: 16:9 aspect ratio. No text, captions, or subtitles inside the image. No watermark or logo. Clean composition suitable for video production.
NEGATIVE: extra fingers, deformed anatomy, different character design, inconsistent colors, photorealistic style, 3D render, UI elements, borders, frames."
`;
