// Vitest Snapshot v1, https://vitest.dev/guide/snapshot.html

exports[`composeVideoRequest > snapshot prompt (hợp đồng đóng băng) 1`] = `
"Animate this 2D cartoon storyboard frame into a smooth animation clip. The starting image is the exact visual reference — preserve its art style, colors, lighting, and composition.
CHARACTER LOCK: The main character (Tantan the orange fox mascot with red neckerchief) must stay perfectly on-model — same proportions, colors, costume, accessories through every moment of motion.
SCENE (Frame 2/7): Tantan leans over the ramen bowl, steam swirling
CAMERA: Slow steady zoom-in toward the subject, smooth and continuous.
AUDIO: Natural ambient sounds and sound effects matching the scene.
Loopable gentle motion, no scene cuts inside the clip."
`;

exports[`composeVideoRequest > snapshot prompt (hợp đồng đóng băng) 2`] = `"character redesign, off-model character, morphing anatomy, extra limbs, flickering, jitter, text, captions, subtitles, watermark, logo, photorealistic style, 3D render, camera shake"`;
